// Vitest Snapshot v1

exports[`<Home /> > Check snapshot 1`] = `
<DocumentFragment>
  <div
    class="_container_f3f7d0"
  >
    <header
      class="_header_f3f7d0"
    >
      <div
        class="_container_46c4bf"
      >
        <a
          href="/"
        >
          <div
            class="_container_5bb206"
          >
            Ice & Fire
          </div>
        </a>
      </div>
    </header>
    <main
      class="_main_f3f7d0"
    >
      <div
        class="_container_99e338"
      >
        <div
          class="_container_a73fd7"
        >
          <div
            class="_books_a73fd7"
          />
        </div>
      </div>
    </main>
  </div>
</DocumentFragment>
`;
